2026-07-11 04:00:42 push FAILED: error: RPC failed; HTTP 408 curl 22 The requested URL returned error: 408
send-pack: unexpected disconnect while reading sideband packet
fatal: the remote end hung up unexpectedly
Everything up-to-date
2026-07-12 04:00:56 pushed OK (ahead was 2131 commits)
2026-07-13 04:01:23 pushed OK (ahead was 1439 commits)
2026-07-14 04:00:44 pushed OK (ahead was 1439 commits)
2026-07-15 04:02:09 pushed OK (ahead was 1440 commits)
2026-07-16 04:01:06 pushed OK (ahead was 1440 commits)
2026-07-17 04:01:38 pushed OK (ahead was 1441 commits)
2026-07-18 04:01:11 pushed OK (ahead was 1440 commits)
2026-07-19 04:00:50 pushed OK (ahead was 1439 commits)
2026-07-20 04:01:50 pushed OK (ahead was 1440 commits)
2026-07-21 04:00:37 pushed OK (ahead was 211 commits)
2026-07-22 04:01:25 pushed OK (ahead was 1438 commits)
2026-07-23 04:00:53 pushed OK (ahead was 1439 commits)
2026-07-24 04:02:20 pushed OK (ahead was 1403 commits)
2026-07-25 04:02:25 push FAILED: error: RPC failed; curl 35 OpenSSL SSL_connect: SSL_ERROR_SYSCALL in connection to github.com:443 
send-pack: unexpected disconnect while reading sideband packet
fatal: the remote end hung up unexpectedly
Everything up-to-date
2026-07-26 04:00:29 pushed OK (ahead was 424 commits)
2026-07-27 04:02:08 pushed OK (ahead was 1426 commits)
2026-07-28 04:01:02 pushed OK (ahead was 1433 commits)
2026-07-29 04:01:20 pushed OK (ahead was 1439 commits)
2026-07-30 04:01:49 pushed OK (ahead was 1439 commits)
2026-07-31 04:03:56 pushed OK (ahead was 1440 commits)
2026-08-01 04:02:20 pushed OK (ahead was 1434 commits)
2026-08-02 04:01:48 pushed OK (ahead was 1439 commits)
2026-08-03 04:02:45 pushed OK (ahead was 1435 commits)
2026-08-04 04:00:58 pushed OK (ahead was 1437 commits)
2026-08-05 04:02:15 pushed OK (ahead was 1436 commits)
2026-08-06 04:00:58 pushed OK (ahead was 1436 commits)
2026-08-07 04:02:02 pushed OK (ahead was 1439 commits)
2026-08-08 04:02:58 pushed OK (ahead was 1438 commits)
2026-08-09 04:04:28 pushed OK (ahead was 1439 commits)
2026-08-10 04:02:52 pushed OK (ahead was 1434 commits)
2026-08-11 04:03:47 pushed OK (ahead was 1438 commits)
2026-08-12 04:06:58 pushed OK (ahead was 1432 commits)
2026-08-13 04:06:22 pushed OK (ahead was 1438 commits)
2026-08-14 04:01:59 pushed OK (ahead was 1432 commits)
2026-08-15 04:05:20 pushed OK (ahead was 1433 commits)
2026-08-16 04:07:34 pushed OK (ahead was 1437 commits)
2026-08-17 04:05:14 pushed OK (ahead was 1433 commits)
2026-08-18 04:02:01 push FAILED: error: RPC failed; HTTP 408 curl 22 The requested URL returned error: 408
send-pack: unexpected disconnect while reading sideband packet
fatal: the remote end hung up unexpectedly
Everything up-to-date
2026-08-19 04:04:58 push FAILED: error: RPC failed; HTTP 408 curl 22 The requested URL returned error: 408
send-pack: unexpected disconnect while reading sideband packet
fatal: the remote end hung up unexpectedly
Everything up-to-date
2026-08-21 04:05:20 pushed OK (ahead was 1437 commits)
2026-08-22 04:04:13 pushed OK (ahead was 1215 commits)
2026-08-23 04:00:02 nothing to push
2026-08-24 04:00:03 nothing to push
2026-08-25 04:00:02 nothing to push
2026-08-26 04:00:02 nothing to push
2026-08-27 04:00:02 nothing to push
2026-08-28 04:00:02 nothing to push
2026-08-28 12:10:53 committed hourly data
2026-08-28 12:11:20 pushed OK (ahead was 21 commits)
2026-08-28 13:00:01 committed hourly data
2026-08-28 13:00:18 pushed OK (ahead was 1 commits)
2026-08-28 14:00:01 committed hourly data
2026-08-28 14:00:06 push FAILED: fatal: unable to access 'https://github.com/OrekiYuta/router-metrics-monitor.git/': OpenSSL SSL_connect: SSL_ERROR_SYSCALL in connection to github.com:443
2026-08-28 15:00:02 committed hourly data
2026-08-28 15:00:07 pushed OK (ahead was 2 commits)
2026-08-28 16:00:02 committed hourly data
2026-08-28 16:00:13 pushed OK (ahead was 1 commits)
2026-08-28 17:00:02 committed hourly data
2026-08-28 17:00:07 pushed OK (ahead was 1 commits)
2026-08-28 18:00:02 committed hourly data
2026-08-28 18:00:09 pushed OK (ahead was 1 commits)
2026-08-28 19:00:01 committed hourly data
2026-08-28 19:00:06 pushed OK (ahead was 1 commits)
2026-08-28 20:00:01 committed hourly data
2026-08-28 20:00:06 push FAILED: fatal: unable to access 'https://github.com/OrekiYuta/router-metrics-monitor.git/': OpenSSL SSL_connect: SSL_ERROR_SYSCALL in connection to github.com:443
2026-08-28 21:00:01 committed hourly data
2026-08-28 21:00:06 pushed OK (ahead was 2 commits)
2026-08-28 22:00:03 committed hourly data
2026-08-28 22:00:09 pushed OK (ahead was 1 commits)
2026-08-28 23:00:01 committed hourly data
2026-08-28 23:00:08 pushed OK (ahead was 1 commits)
2026-08-29 00:00:01 committed hourly data
2026-08-29 00:00:10 pushed OK (ahead was 1 commits)
2026-08-29 01:00:01 committed hourly data
2026-08-29 01:00:06 pushed OK (ahead was 1 commits)
2026-08-29 02:00:01 committed hourly data
2026-08-29 02:00:10 pushed OK (ahead was 1 commits)
2026-08-29 03:00:02 committed hourly data
2026-08-29 03:00:08 pushed OK (ahead was 1 commits)
2026-08-29 04:00:03 committed hourly data
2026-08-29 04:00:09 pushed OK (ahead was 1 commits)
2026-08-29 05:00:03 committed hourly data
2026-08-29 05:00:10 pushed OK (ahead was 1 commits)
2026-08-29 06:00:03 committed hourly data
2026-08-29 06:00:12 pushed OK (ahead was 1 commits)
2026-08-29 07:00:03 committed hourly data
2026-08-29 07:00:10 pushed OK (ahead was 1 commits)
2026-08-29 08:00:03 committed hourly data
2026-08-29 08:00:09 pushed OK (ahead was 1 commits)
2026-08-29 09:00:03 committed hourly data
2026-08-29 09:00:09 pushed OK (ahead was 1 commits)
2026-08-29 10:00:03 committed hourly data
2026-08-29 10:00:08 pushed OK (ahead was 1 commits)
2026-08-29 11:00:03 committed hourly data
2026-08-29 11:00:09 pushed OK (ahead was 1 commits)
2026-08-29 12:00:03 committed hourly data
2026-08-29 12:00:09 pushed OK (ahead was 1 commits)
2026-08-29 13:00:03 committed hourly data
2026-08-29 13:00:08 pushed OK (ahead was 1 commits)
2026-08-29 14:00:01 committed hourly data
2026-08-29 14:00:12 pushed OK (ahead was 1 commits)
2026-08-29 15:00:01 committed hourly data
2026-08-29 15:00:08 pushed OK (ahead was 1 commits)
2026-08-29 16:00:01 committed hourly data
2026-08-29 16:00:10 pushed OK (ahead was 1 commits)
2026-08-29 17:00:03 committed hourly data
2026-08-29 17:00:09 pushed OK (ahead was 1 commits)
2026-08-29 18:00:03 committed hourly data
2026-08-29 18:00:14 pushed OK (ahead was 1 commits)
2026-08-29 19:00:01 committed hourly data
2026-08-29 19:00:11 pushed OK (ahead was 1 commits)
2026-08-29 20:00:01 committed hourly data
2026-08-29 20:00:06 pushed OK (ahead was 1 commits)
2026-08-29 21:00:03 committed hourly data
2026-08-29 21:00:07 pushed OK (ahead was 1 commits)
2026-08-29 22:00:03 committed hourly data
2026-08-29 22:00:07 pushed OK (ahead was 1 commits)
2026-08-29 23:00:03 committed hourly data
2026-08-29 23:00:07 pushed OK (ahead was 1 commits)
2026-08-30 00:00:03 committed hourly data
2026-08-30 00:00:08 pushed OK (ahead was 1 commits)
2026-08-30 01:00:03 committed hourly data
2026-08-30 01:00:08 pushed OK (ahead was 1 commits)
2026-08-30 02:00:03 committed hourly data
2026-08-30 02:00:09 pushed OK (ahead was 1 commits)
2026-08-30 03:00:02 committed hourly data
2026-08-30 03:00:07 pushed OK (ahead was 1 commits)
2026-08-30 04:00:03 committed hourly data
2026-08-30 04:00:08 pushed OK (ahead was 1 commits)
2026-08-30 05:00:04 committed hourly data
2026-08-30 05:00:09 pushed OK (ahead was 1 commits)
2026-08-30 06:00:04 committed hourly data
2026-08-30 06:00:09 pushed OK (ahead was 1 commits)
2026-08-30 07:00:04 committed hourly data
2026-08-30 07:00:11 pushed OK (ahead was 1 commits)
2026-08-30 08:00:04 committed hourly data
2026-08-30 08:00:09 pushed OK (ahead was 1 commits)
2026-08-30 09:00:04 committed hourly data
2026-08-30 09:00:11 pushed OK (ahead was 1 commits)
2026-08-30 10:00:04 committed hourly data
2026-08-30 10:00:09 pushed OK (ahead was 1 commits)
2026-08-30 11:00:04 committed hourly data
2026-08-30 11:00:12 pushed OK (ahead was 1 commits)
2026-08-30 12:00:03 committed hourly data
2026-08-30 12:00:09 pushed OK (ahead was 1 commits)
2026-08-30 13:00:03 committed hourly data
2026-08-30 13:00:09 pushed OK (ahead was 1 commits)
2026-08-30 14:00:04 committed hourly data
2026-08-30 14:00:12 pushed OK (ahead was 1 commits)
2026-08-30 15:00:04 committed hourly data
2026-08-30 15:00:09 pushed OK (ahead was 1 commits)
2026-08-30 16:00:04 committed hourly data
2026-08-30 16:00:12 pushed OK (ahead was 1 commits)
2026-08-30 17:00:04 committed hourly data
2026-08-30 17:00:09 push FAILED: fatal: unable to access 'https://github.com/OrekiYuta/router-metrics-monitor.git/': OpenSSL SSL_connect: SSL_ERROR_SYSCALL in connection to github.com:443
2026-08-30 18:00:04 committed hourly data
2026-08-30 18:00:10 pushed OK (ahead was 2 commits)
2026-08-30 19:00:05 committed hourly data
2026-08-30 19:00:11 pushed OK (ahead was 1 commits)
2026-08-30 20:00:05 committed hourly data
2026-08-30 20:00:10 pushed OK (ahead was 1 commits)
2026-08-30 21:00:04 committed hourly data
2026-08-30 21:00:10 pushed OK (ahead was 1 commits)
2026-08-30 22:00:01 committed hourly data
2026-08-30 22:00:07 pushed OK (ahead was 1 commits)
2026-08-30 23:00:02 committed hourly data
2026-08-30 23:00:07 pushed OK (ahead was 1 commits)
2026-08-31 00:00:04 committed hourly data
2026-08-31 00:00:14 pushed OK (ahead was 1 commits)
2026-08-31 01:00:05 committed hourly data
2026-08-31 01:00:10 pushed OK (ahead was 1 commits)
2026-08-31 02:00:56 committed hourly data
2026-08-31 02:01:22 pushed OK (ahead was 1 commits)
2026-08-31 03:00:07 committed hourly data
2026-08-31 03:00:14 pushed OK (ahead was 1 commits)
2026-08-31 04:00:04 committed hourly data
2026-08-31 04:00:11 pushed OK (ahead was 1 commits)
2026-08-31 05:00:05 committed hourly data
2026-08-31 05:00:10 pushed OK (ahead was 1 commits)
2026-08-31 06:00:04 committed hourly data
2026-08-31 06:00:10 pushed OK (ahead was 1 commits)
2026-08-31 07:00:02 committed hourly data
2026-08-31 07:00:07 pushed OK (ahead was 1 commits)
2026-08-31 08:00:04 committed hourly data
2026-08-31 08:00:10 pushed OK (ahead was 1 commits)
2026-08-31 09:00:01 committed hourly data
2026-08-31 09:00:07 pushed OK (ahead was 1 commits)
2026-08-31 10:00:01 committed hourly data
2026-08-31 10:00:06 pushed OK (ahead was 1 commits)
2026-08-31 11:00:04 committed hourly data
2026-08-31 11:00:10 pushed OK (ahead was 1 commits)
2026-08-31 12:00:05 committed hourly data
2026-08-31 12:00:09 pushed OK (ahead was 1 commits)
2026-08-31 13:00:04 committed hourly data
2026-08-31 13:00:09 pushed OK (ahead was 1 commits)
2026-08-31 14:00:02 committed hourly data
2026-08-31 14:00:10 pushed OK (ahead was 1 commits)
2026-08-31 15:00:01 committed hourly data
2026-08-31 15:00:07 pushed OK (ahead was 1 commits)
2026-08-31 16:00:01 committed hourly data
2026-08-31 16:00:07 pushed OK (ahead was 1 commits)
2026-08-31 17:00:01 committed hourly data
2026-08-31 17:00:06 pushed OK (ahead was 1 commits)
2026-08-31 18:00:01 committed hourly data
2026-08-31 18:00:06 pushed OK (ahead was 1 commits)
2026-08-31 19:00:01 committed hourly data
2026-08-31 19:00:07 pushed OK (ahead was 1 commits)
2026-08-31 20:00:01 committed hourly data
2026-08-31 20:00:06 pushed OK (ahead was 1 commits)
2026-08-31 21:00:01 committed hourly data
2026-08-31 21:00:06 pushed OK (ahead was 1 commits)
2026-08-31 22:00:05 committed hourly data
2026-08-31 22:00:12 pushed OK (ahead was 1 commits)
2026-08-31 23:00:04 committed hourly data
2026-08-31 23:00:12 pushed OK (ahead was 1 commits)
2026-09-01 00:00:04 committed hourly data
2026-09-01 00:00:13 pushed OK (ahead was 1 commits)
2026-09-01 01:00:04 committed hourly data
2026-09-01 01:00:11 pushed OK (ahead was 1 commits)
2026-09-01 02:00:01 committed hourly data
2026-09-01 02:00:08 pushed OK (ahead was 1 commits)
2026-09-01 03:00:02 committed hourly data
2026-09-01 03:00:13 pushed OK (ahead was 1 commits)
2026-09-01 04:00:04 committed hourly data
2026-09-01 04:00:10 pushed OK (ahead was 1 commits)
2026-09-01 05:00:06 committed hourly data
2026-09-01 05:00:11 pushed OK (ahead was 1 commits)
2026-09-01 06:00:02 committed hourly data
2026-09-01 06:00:08 pushed OK (ahead was 1 commits)
2026-09-01 07:00:04 committed hourly data
2026-09-01 07:00:10 pushed OK (ahead was 1 commits)
2026-09-01 08:00:04 committed hourly data
2026-09-01 08:00:11 pushed OK (ahead was 1 commits)
2026-09-01 09:00:04 committed hourly data
2026-09-01 09:00:10 pushed OK (ahead was 1 commits)
2026-09-01 10:00:04 committed hourly data
2026-09-01 10:00:10 pushed OK (ahead was 1 commits)
2026-09-01 11:00:01 committed hourly data
2026-09-01 11:00:07 pushed OK (ahead was 1 commits)
2026-09-01 12:00:01 committed hourly data
2026-09-01 12:00:08 pushed OK (ahead was 1 commits)
2026-09-01 13:00:01 committed hourly data
2026-09-01 13:00:07 pushed OK (ahead was 1 commits)
2026-09-01 14:00:02 committed hourly data
2026-09-01 14:00:07 pushed OK (ahead was 1 commits)
2026-09-01 15:00:01 committed hourly data
2026-09-01 15:00:07 pushed OK (ahead was 1 commits)
2026-09-01 16:00:01 committed hourly data
2026-09-01 16:00:18 pushed OK (ahead was 1 commits)
2026-09-01 17:00:01 committed hourly data
2026-09-01 17:00:12 pushed OK (ahead was 1 commits)
2026-09-01 18:00:04 committed hourly data
2026-09-01 18:00:09 push FAILED: fatal: unable to access 'https://github.com/OrekiYuta/router-metrics-monitor.git/': OpenSSL SSL_connect: SSL_ERROR_SYSCALL in connection to github.com:443
2026-09-01 19:00:04 committed hourly data
2026-09-01 19:00:13 pushed OK (ahead was 2 commits)
2026-09-01 20:00:07 committed hourly data
2026-09-01 20:00:12 push FAILED: fatal: unable to access 'https://github.com/OrekiYuta/router-metrics-monitor.git/': OpenSSL SSL_connect: SSL_ERROR_SYSCALL in connection to github.com:443
2026-09-01 21:00:06 committed hourly data
2026-09-01 21:00:27 pushed OK (ahead was 2 commits)
2026-09-01 22:00:05 committed hourly data
2026-09-01 22:00:12 pushed OK (ahead was 1 commits)
2026-09-01 23:00:06 committed hourly data
2026-09-01 23:00:14 pushed OK (ahead was 1 commits)
2026-09-02 00:00:02 committed hourly data
2026-09-02 00:00:09 pushed OK (ahead was 1 commits)
2026-09-02 01:00:01 committed hourly data
2026-09-02 01:00:10 pushed OK (ahead was 1 commits)
2026-09-02 02:00:01 committed hourly data
2026-09-02 02:00:07 push FAILED: fatal: unable to access 'https://github.com/OrekiYuta/router-metrics-monitor.git/': OpenSSL SSL_connect: SSL_ERROR_SYSCALL in connection to github.com:443
2026-09-02 03:00:02 committed hourly data
2026-09-02 03:00:07 push FAILED: fatal: unable to access 'https://github.com/OrekiYuta/router-metrics-monitor.git/': OpenSSL SSL_connect: SSL_ERROR_SYSCALL in connection to github.com:443
2026-09-02 04:00:01 committed hourly data
2026-09-02 04:00:07 push FAILED: fatal: unable to access 'https://github.com/OrekiYuta/router-metrics-monitor.git/': OpenSSL SSL_connect: SSL_ERROR_SYSCALL in connection to github.com:443
2026-09-02 05:00:01 committed hourly data
2026-09-02 05:00:07 push FAILED: fatal: unable to access 'https://github.com/OrekiYuta/router-metrics-monitor.git/': OpenSSL SSL_connect: SSL_ERROR_SYSCALL in connection to github.com:443
2026-09-02 06:00:01 committed hourly data
2026-09-02 06:00:07 push FAILED: fatal: unable to access 'https://github.com/OrekiYuta/router-metrics-monitor.git/': OpenSSL SSL_connect: SSL_ERROR_SYSCALL in connection to github.com:443
2026-09-02 07:00:01 committed hourly data
2026-09-02 07:00:06 push FAILED: fatal: unable to access 'https://github.com/OrekiYuta/router-metrics-monitor.git/': OpenSSL SSL_connect: SSL_ERROR_SYSCALL in connection to github.com:443
2026-09-02 08:00:01 committed hourly data
2026-09-02 08:00:10 pushed OK (ahead was 7 commits)
2026-09-02 09:00:02 committed hourly data
2026-09-02 09:00:06 pushed OK (ahead was 1 commits)
2026-09-02 10:00:02 committed hourly data
2026-09-02 10:00:07 pushed OK (ahead was 1 commits)
2026-09-02 11:00:05 committed hourly data
2026-09-02 11:00:11 pushed OK (ahead was 1 commits)
2026-09-02 12:00:08 committed hourly data
2026-09-02 12:00:13 pushed OK (ahead was 1 commits)
2026-09-02 13:00:06 committed hourly data
2026-09-02 13:00:12 pushed OK (ahead was 1 commits)
2026-09-02 14:00:06 committed hourly data
2026-09-02 14:00:11 pushed OK (ahead was 1 commits)
2026-09-02 15:00:02 committed hourly data
2026-09-02 15:00:08 pushed OK (ahead was 1 commits)
2026-09-02 16:00:05 committed hourly data
2026-09-02 16:00:11 pushed OK (ahead was 1 commits)
2026-09-02 17:00:05 committed hourly data
2026-09-02 17:00:18 pushed OK (ahead was 1 commits)
2026-09-02 18:00:02 committed hourly data
2026-09-02 18:00:08 pushed OK (ahead was 1 commits)
2026-09-02 19:00:05 committed hourly data
2026-09-02 19:00:11 pushed OK (ahead was 1 commits)
2026-09-02 20:00:02 committed hourly data
2026-09-02 20:00:09 pushed OK (ahead was 1 commits)
2026-09-02 21:00:03 committed hourly data
2026-09-02 21:00:09 pushed OK (ahead was 1 commits)
2026-09-02 22:00:02 committed hourly data
2026-09-02 22:00:09 pushed OK (ahead was 1 commits)
2026-09-02 23:00:02 committed hourly data
2026-09-02 23:00:09 pushed OK (ahead was 1 commits)
2026-09-03 00:00:02 committed hourly data
2026-09-03 00:00:09 pushed OK (ahead was 1 commits)
2026-09-03 01:00:04 committed hourly data
2026-09-03 01:00:10 pushed OK (ahead was 1 commits)
2026-09-03 02:00:02 committed hourly data
2026-09-03 02:00:08 pushed OK (ahead was 1 commits)
2026-09-03 03:00:09 committed hourly data
2026-09-03 03:00:17 pushed OK (ahead was 1 commits)
2026-09-03 04:00:06 committed hourly data
2026-09-03 04:00:11 pushed OK (ahead was 1 commits)
2026-09-03 05:00:07 committed hourly data
2026-09-03 05:00:12 pushed OK (ahead was 1 commits)
2026-09-03 06:00:06 committed hourly data
2026-09-03 06:00:11 pushed OK (ahead was 1 commits)
2026-09-03 07:00:05 committed hourly data
2026-09-03 07:00:10 pushed OK (ahead was 1 commits)
2026-09-03 08:00:02 committed hourly data
2026-09-03 08:00:07 pushed OK (ahead was 1 commits)
2026-09-03 09:00:02 committed hourly data
2026-09-03 09:00:07 pushed OK (ahead was 1 commits)
2026-09-03 10:00:05 committed hourly data
2026-09-03 10:00:09 pushed OK (ahead was 1 commits)
2026-09-03 11:00:05 committed hourly data
2026-09-03 11:00:10 pushed OK (ahead was 1 commits)
2026-09-03 12:00:06 committed hourly data
2026-09-03 12:00:11 pushed OK (ahead was 1 commits)
2026-09-03 13:00:06 committed hourly data
2026-09-03 13:00:12 pushed OK (ahead was 1 commits)
2026-09-03 14:00:05 committed hourly data
2026-09-03 14:00:10 pushed OK (ahead was 1 commits)
2026-09-03 15:00:03 committed hourly data
2026-09-03 15:00:07 pushed OK (ahead was 1 commits)
2026-09-03 16:00:02 committed hourly data
2026-09-03 16:00:07 pushed OK (ahead was 1 commits)
2026-09-03 17:00:06 committed hourly data
2026-09-03 17:00:11 pushed OK (ahead was 1 commits)
2026-09-03 18:00:06 committed hourly data
2026-09-03 18:00:11 pushed OK (ahead was 1 commits)
2026-09-03 19:00:06 committed hourly data
2026-09-03 19:00:11 pushed OK (ahead was 1 commits)
2026-09-03 20:00:07 committed hourly data
2026-09-03 20:00:12 pushed OK (ahead was 1 commits)
2026-09-03 21:00:02 committed hourly data
2026-09-03 21:00:07 pushed OK (ahead was 1 commits)
2026-09-03 22:00:02 committed hourly data
2026-09-03 22:00:08 pushed OK (ahead was 1 commits)
2026-09-03 23:00:02 committed hourly data
2026-09-03 23:00:08 pushed OK (ahead was 1 commits)
2026-09-04 00:00:03 committed hourly data
2026-09-04 00:00:09 pushed OK (ahead was 1 commits)
2026-09-04 01:00:02 committed hourly data
2026-09-04 01:00:07 pushed OK (ahead was 1 commits)
2026-09-04 02:00:02 committed hourly data
2026-09-04 02:00:07 pushed OK (ahead was 1 commits)
2026-09-04 03:00:09 committed hourly data
2026-09-04 03:00:16 pushed OK (ahead was 1 commits)
2026-09-04 04:00:06 committed hourly data
2026-09-04 04:00:10 pushed OK (ahead was 1 commits)
2026-09-04 05:00:02 committed hourly data
2026-09-04 05:00:07 pushed OK (ahead was 1 commits)
2026-09-04 06:00:03 committed hourly data
2026-09-04 06:00:07 pushed OK (ahead was 1 commits)
2026-09-04 07:00:03 committed hourly data
2026-09-04 07:00:07 pushed OK (ahead was 1 commits)
2026-09-04 08:00:02 committed hourly data
2026-09-04 08:00:07 pushed OK (ahead was 1 commits)
2026-09-04 09:00:02 committed hourly data
2026-09-04 09:00:07 pushed OK (ahead was 1 commits)
2026-09-04 10:00:07 committed hourly data
2026-09-04 10:00:12 pushed OK (ahead was 1 commits)
2026-09-04 11:00:07 committed hourly data
2026-09-04 11:00:11 pushed OK (ahead was 1 commits)
2026-09-04 12:00:07 committed hourly data
2026-09-04 12:00:12 pushed OK (ahead was 1 commits)
2026-09-04 13:00:06 committed hourly data
2026-09-04 13:00:11 pushed OK (ahead was 1 commits)
2026-09-04 14:00:06 committed hourly data
2026-09-04 14:00:12 push FAILED: fatal: unable to access 'https://github.com/OrekiYuta/router-metrics-monitor.git/': OpenSSL SSL_connect: SSL_ERROR_SYSCALL in connection to github.com:443
2026-09-04 15:00:04 committed hourly data
2026-09-04 15:00:12 pushed OK (ahead was 2 commits)
2026-09-04 16:00:04 committed hourly data
2026-09-04 16:00:09 pushed OK (ahead was 1 commits)
2026-09-04 17:00:04 committed hourly data
2026-09-04 17:00:11 pushed OK (ahead was 1 commits)
2026-09-04 18:00:04 committed hourly data
2026-09-04 18:00:09 pushed OK (ahead was 1 commits)
2026-09-04 19:01:58 committed hourly data
2026-09-04 19:02:02 pushed OK (ahead was 1 commits)
2026-09-04 20:00:05 committed hourly data
2026-09-04 20:00:11 pushed OK (ahead was 1 commits)
2026-09-04 21:00:05 committed hourly data
2026-09-04 21:00:11 pushed OK (ahead was 1 commits)
2026-09-04 22:00:04 committed hourly data
2026-09-04 22:00:10 pushed OK (ahead was 1 commits)
2026-09-04 23:00:02 committed hourly data
2026-09-04 23:00:12 pushed OK (ahead was 1 commits)
2026-09-05 00:00:02 committed hourly data
2026-09-05 00:00:08 pushed OK (ahead was 1 commits)
